main.c:102:5:main	16	static
main.c:211:6:SystemClock_Config	88	static
main.c:255:13:MX_ADC1_Init	24	static
main.c:300:13:MX_I2C1_Init	8	static
main.c:334:13:MX_USART2_UART_Init	8	static
main.c:367:13:MX_USART3_UART_Init	8	static
main.c:400:13:MX_GPIO_Init	40	static
main.c:483:6:Configuration	32	static
main.c:589:6:displayHome	4	static
main.c:599:6:resetLED	16	static
main.c:611:6:Maze	576	static
main.c:938:6:Tennis	56	static
main.c:1295:6:Tennis2	72	static
main.c:1710:6:HAL_UART_RxCpltCallback	16	static
main.c:1725:6:Error_Handler	4	static
