stm32f1xx_it.c:67:6:displayLED	24	static
stm32f1xx_it.c:163:6:NMI_Handler	4	static
stm32f1xx_it.c:176:6:HardFault_Handler	4	static
stm32f1xx_it.c:191:6:MemManage_Handler	4	static
stm32f1xx_it.c:206:6:BusFault_Handler	4	static
stm32f1xx_it.c:221:6:UsageFault_Handler	4	static
stm32f1xx_it.c:236:6:SVC_Handler	4	static
stm32f1xx_it.c:249:6:DebugMon_Handler	4	static
stm32f1xx_it.c:262:6:PendSV_Handler	4	static
stm32f1xx_it.c:275:6:SysTick_Handler	8	static
stm32f1xx_it.c:303:6:EXTI0_IRQHandler	8	static
stm32f1xx_it.c:320:6:EXTI1_IRQHandler	8	static
stm32f1xx_it.c:337:6:EXTI2_IRQHandler	8	static
stm32f1xx_it.c:354:6:EXTI4_IRQHandler	8	static
stm32f1xx_it.c:371:6:EXTI9_5_IRQHandler	8	static
stm32f1xx_it.c:388:6:EXTI15_10_IRQHandler	8	static
